PASS sampler.cadence — 94 docker-stats rounds x 9 containers, median interval 2.02 s, max 2.06 s (FAIL if median > 2.5 s or any gap > 5 s)
PASS sampler.idle-samples — 4 rounds in the idle window
PASS load.titiler-a — 200/200 2xx codes={'200': 197, '204': 3} wall=54.2s p50=0.98s p95=2.124s max=5.352s c=4 seed=1790874859 lon_shift=-3.03
PASS load.tipg-a — 100/100 2xx codes={'200': 100} wall=0.9s p50=0.007s p95=0.166s max=0.323s c=4 seed=1790874859 lon_shift=-3.03
PASS load.stac-a — 50/50 2xx codes={'200': 50} wall=0.6s p50=0.047s p95=0.087s max=0.089s c=4 seed=1790874859 lon_shift=-3.03
PASS load.tipg-b — 100/100 2xx codes={'200': 100} wall=0.9s p50=0.012s p95=0.069s max=0.579s c=4 seed=1790874859 lon_shift=-3.03
PASS load.stac-b — 50/50 2xx codes={'200': 50} wall=0.9s p50=0.068s p95=0.167s max=0.194s c=4 seed=1790874859 lon_shift=-3.03
PASS load.titiler-b — 200/200 2xx codes={'200': 194, '204': 6} wall=55.1s p50=1.007s p95=2.633s max=4.915s c=4 seed=1790874859 lon_shift=-3.03
PASS kernel.rioxarray-500MB — 478 MiB uint8 [22400, 22400] in 7.1 s; kernel RSS start=55 imported=152 loaded=1141 computed=1141 freed=612 MiB; PEAK (VmHWM)=1619 MiB; GDAL_CACHEMAX=1199 MiB; other kernels at start: []
PASS kernel.rioxarray-500MB-concurrent — 478 MiB uint8 [22400, 22400] in 6.6 s; kernel RSS start=55 imported=152 loaded=1141 computed=1141 freed=612 MiB; PEAK (VmHWM)=1619 MiB; GDAL_CACHEMAX=1199 MiB; other kernels at start: []
PASS kernel.rioxarray-500MB-under-3GiB-limit — same job, --memory 3g: GDAL_CACHEMAX=153 MiB; RSS imported=134 loaded=799 held=799 freed=321 MiB; PEAK (VmHWM)=1277 MiB; not OOM-killed
PASS mem.lab — idle 150 MiB, load median 179, peak 2217, after load 128 (cgroup memory.peak incl. page cache 1884); CPU idle 0.2%, avg under load 61m, busiest phase 132m, peak 1-s sample 106%
PASS mem.database — idle 198 MiB, load median 272, peak 278, after load 278 (cgroup memory.peak incl. page cache 358); CPU idle 0.7%, avg under load 47m, busiest phase 1213m, peak 1-s sample 199%
PASS mem.stac-fastapi — idle 62 MiB, load median 62, peak 62, after load 62 (cgroup memory.peak incl. page cache 78); CPU idle 0.1%, avg under load 3m, busiest phase 62m, peak 1-s sample 7%
PASS mem.titiler-pgstac — idle 182 MiB, load median 246, peak 256, after load 254 (cgroup memory.peak incl. page cache 264); CPU idle 2.6%, avg under load 106m, busiest phase 155m, peak 1-s sample 25%
PASS mem.tipg — idle 77 MiB, load median 77, peak 77, after load 77 (cgroup memory.peak incl. page cache 98); CPU idle 0.1%, avg under load 6m, busiest phase 212m, peak 1-s sample 34%
PASS mem.stac-auth-proxy — idle 152 MiB, load median 152, peak 152, after load 152 (cgroup memory.peak incl. page cache 168); CPU idle 0.2%, avg under load 11m, busiest phase 459m, peak 1-s sample 50%
PASS mem.mock-oidc — idle 43 MiB, load median 43, peak 43, after load 43 (cgroup memory.peak incl. page cache 58); CPU idle 0.2%, avg under load 2m, busiest phase 5m, peak 1-s sample 3%
PASS mem.stac-browser — idle 17 MiB, load median 17, peak 17, after load 17 (cgroup memory.peak incl. page cache 25); CPU idle 0.2%, avg under load 2m, busiest phase 17m, peak 1-s sample 3%
PASS mem.stac-manager — idle 60 MiB, load median 60, peak 70, after load 60 (cgroup memory.peak incl. page cache 106); CPU idle 1.0%, avg under load 17m, busiest phase 41m, peak 1-s sample 101%
PASS plan.backend-idle-under-1.5GiB — backend (all but Lab) idle = 793 MiB with one uvicorn worker each (skeptic review claim)
PASS plan.participant-under-3.5GiB-local-no-limit — pod total at its busiest moment as measured = 3.08 GiB (no memory limit, kernel GDAL cache 1619 MiB peak); this is what a laptop compose stack uses
PASS plan.participant-under-3.5GiB-k8s-estimate — pod total at its busiest moment = 2.75 GiB with the k8s-limited kernel peak (ESTIMATE: the stack itself ran without limits; sum of per-container peaks, never simultaneous, = 3.10 GiB). Load = synthetic tiles + 500 MB raster kernel, heavier than notebooks (plan: 2.5-3.5 GiB per participant under notebook load)
PASS plan.b3-8-holds-2-pods — per b3-8 after ASSUMED DaemonSet requests 0.25 GiB: this run's rule 2 pods, chart values 2; this run's rule: pod 1.95 GiB, 1.61 GiB left with 2 pods (2 fit only if real DaemonSets request < 1.86 GiB); chart values: pod 2.72 GiB, 0.08 GiB left with 2 pods (2 fit only if real DaemonSets request < 0.33 GiB); 2 if every Lab holds the raster (skeptic: ~2)
PASS plan.20-users-on-4-5-b3-16 — per b3-16 (EXTRAPOLATED, proportional): this run's rule 5 pods, chart values 4 -> 6 b3-16 for 20 users incl. 1 spare at the lower density (skeptic: 4-5 + 1 spare)
PASS chart.requests-cover-steady — chart memory request >= steady working set (max of idle, load median, after load) for every container; below: none; not parsed: none
PASS chart.limits-cover-peaks — chart memory limit >= measured peak (Lab: k8s-adjusted 1875 MiB) for every container; below: none
PASS images.lab-pull-1.8GiB — ghcr.io/developmentseed/eoapi-workshop:latest linux/amd64 compressed = 1.78 GiB
PASS images.per-node-prepull — all 9 images, linux/amd64, unique compressed layers = 3.36 GiB per node (stac-manager alone 0.79 GiB)
PASS disk.ephemeral — stac-manager=27.3MB (virtual 2.92GB); stac-browser=123kB (virtual 174MB); stac-auth-proxy=283kB (virtual 225MB); titiler-pgstac=4.1kB (virtual 477MB); tipg=4.1kB (virtual 215MB); stac-fastapi=4.1kB (virtual 285MB); database=20.5kB (virtual 822MB); mock-oidc=10.3MB (virtual 476MB); lab=12.2MB (virtual 4.83GB); pgdata MiB=207
PASS gdal.cachemax-cgroup-aware — default GDAL_CACHEMAX in the Lab image: 1199 MiB without a memory limit, 204 MiB under --memory 4g
