PASS sampler.cadence — 93 docker-stats rounds x 9 containers, median interval 2.03 s, max 3.05 s (FAIL if median > 2.5 s or any gap > 5 s)
PASS sampler.idle-samples — 3 rounds in the idle window
PASS load.titiler-a — 200/200 2xx codes={'200': 197, '204': 3} wall=42.2s p50=0.718s p95=1.926s max=3.273s c=4 seed=1790882770 lon_shift=-28.39
PASS load.tipg-a — 100/100 2xx codes={'200': 100} wall=1.5s p50=0.015s p95=0.191s max=0.943s c=4 seed=1790882770 lon_shift=-28.39
PASS load.stac-a — 50/50 2xx codes={'200': 50} wall=1.6s p50=0.111s p95=0.243s max=0.346s c=4 seed=1790882770 lon_shift=-28.39
PASS load.tipg-b — 100/100 2xx codes={'200': 100} wall=3.1s p50=0.053s p95=0.205s max=2.216s c=4 seed=1790882770 lon_shift=-28.39
PASS load.stac-b — 50/50 2xx codes={'200': 50} wall=3.9s p50=0.283s p95=0.533s max=0.623s c=4 seed=1790882770 lon_shift=-28.39
PASS load.titiler-b — 200/200 2xx codes={'200': 195, '204': 5} wall=54.9s p50=1.021s p95=2.42s max=6.639s c=4 seed=1790882770 lon_shift=-28.39
PASS kernel.rioxarray-500MB — 478 MiB uint8 [22400, 22400] in 7.7 s; kernel RSS start=55 imported=152 loaded=1141 computed=1141 freed=612 MiB; PEAK (VmHWM)=1619 MiB; GDAL_CACHEMAX=1199 MiB; other kernels at start: []
PASS kernel.rioxarray-500MB-concurrent — 478 MiB uint8 [22400, 22400] in 7.3 s; kernel RSS start=55 imported=152 loaded=1141 computed=1141 freed=612 MiB; PEAK (VmHWM)=1619 MiB; GDAL_CACHEMAX=1199 MiB; other kernels at start: []
PASS kernel.rioxarray-500MB-under-3GiB-limit — same job, --memory 3g: GDAL_CACHEMAX=153 MiB; RSS imported=134 loaded=799 held=799 freed=321 MiB; PEAK (VmHWM)=1277 MiB; not OOM-killed
PASS mem.lab — idle 120 MiB, load median 134, peak 1691, after load 134 (cgroup memory.peak incl. page cache 1800); CPU idle 0.0%, avg under load 73m, busiest phase 178m, peak 1-s sample 104%
PASS mem.database — idle 215 MiB, load median 309, peak 318, after load 316 (cgroup memory.peak incl. page cache 551); CPU idle 1.4%, avg under load 92m, busiest phase 799m, peak 1-s sample 154%
PASS mem.stac-fastapi — idle 89 MiB, load median 89, peak 89, after load 89 (cgroup memory.peak incl. page cache 119); CPU idle 1.3%, avg under load 7m, busiest phase 70m, peak 1-s sample 11%
PASS mem.titiler-pgstac — idle 288 MiB, load median 292, peak 298, after load 296 (cgroup memory.peak incl. page cache 331); CPU idle 0.2%, avg under load 131m, busiest phase 209m, peak 1-s sample 46%
PASS mem.tipg — idle 130 MiB, load median 129, peak 130, after load 129 (cgroup memory.peak incl. page cache 135); CPU idle 0.2%, avg under load 13m, busiest phase 173m, peak 1-s sample 47%
PASS mem.stac-auth-proxy — idle 157 MiB, load median 156, peak 157, after load 156 (cgroup memory.peak incl. page cache 216); CPU idle 0.2%, avg under load 31m, busiest phase 452m, peak 1-s sample 68%
PASS mem.mock-oidc — idle 54 MiB, load median 54, peak 54, after load 54 (cgroup memory.peak incl. page cache 65); CPU idle 0.2%, avg under load 3m, busiest phase 8m, peak 1-s sample 2%
PASS mem.stac-browser — idle 17 MiB, load median 17, peak 17, after load 17 (cgroup memory.peak incl. page cache 23); CPU idle 0.0%, avg under load 4m, busiest phase 21m, peak 1-s sample 7%
PASS mem.stac-manager — idle 58 MiB, load median 58, peak 63, after load 58 (cgroup memory.peak incl. page cache 108); CPU idle 4.0%, avg under load 8m, busiest phase 42m, peak 1-s sample 13%
PASS plan.backend-idle-under-1.5GiB — backend (all but Lab) idle = 1007 MiB with one uvicorn worker each (skeptic review claim)
PASS plan.participant-under-3.5GiB-local-no-limit — pod total at its busiest moment as measured = 2.74 GiB (no memory limit, kernel GDAL cache 1619 MiB peak); this is what a laptop compose stack uses
PASS plan.participant-under-3.5GiB-k8s-estimate — pod total at its busiest moment = 2.40 GiB with the k8s-limited kernel peak (ESTIMATE: the stack itself ran without limits; sum of per-container peaks, never simultaneous, = 2.75 GiB). Load = synthetic tiles + 500 MB raster kernel, heavier than notebooks (plan: 2.5-3.5 GiB per participant under notebook load)
PASS plan.b3-8-holds-2-pods — per b3-8 after ASSUMED DaemonSet requests 0.25 GiB: this run's rule 2 pods, chart values 2; this run's rule: pod 2.19 GiB, 1.14 GiB left with 2 pods (2 fit only if real DaemonSets request < 1.39 GiB); chart values: pod 2.75 GiB, 0.02 GiB left with 2 pods (2 fit only if real DaemonSets request < 0.27 GiB); 2 if every Lab holds the raster (skeptic: ~2)
PASS plan.20-users-on-4-5-b3-16 — per b3-16 (EXTRAPOLATED, proportional): this run's rule 5 pods, chart values 4 -> 6 b3-16 for 20 users incl. 1 spare at the lower density (skeptic: 4-5 + 1 spare)
PASS chart.requests-cover-steady — chart memory request >= steady working set (max of idle, load median, after load) for every container; below: none; not parsed: none
PASS chart.limits-cover-peaks — chart memory limit >= measured peak (Lab: k8s-adjusted 1349 MiB) for every container; below: none
PASS images.lab-pull-1.8GiB — ghcr.io/developmentseed/eoapi-workshop:latest linux/amd64 compressed = 1.78 GiB
PASS images.per-node-prepull — all 9 images, linux/amd64, unique compressed layers = 3.36 GiB per node (stac-manager alone 0.79 GiB)
PASS disk.ephemeral — stac-manager=27.3MB (virtual 2.92GB); stac-browser=123kB (virtual 174MB); stac-auth-proxy=279kB (virtual 225MB); titiler-pgstac=4.1kB (virtual 477MB); tipg=4.1kB (virtual 215MB); stac-fastapi=4.1kB (virtual 285MB); database=20.5kB (virtual 822MB); mock-oidc=10.3MB (virtual 476MB); lab=7.79MB (virtual 4.82GB); pgdata MiB=184
PASS gdal.cachemax-cgroup-aware — default GDAL_CACHEMAX in the Lab image: 1199 MiB without a memory limit, 204 MiB under --memory 4g
