PASS sampler.cadence — 97 docker-stats rounds x 9 containers, median interval 2.03 s, max 2.57 s (FAIL if median > 2.5 s or any gap > 5 s)
PASS sampler.idle-samples — 3 rounds in the idle window
PASS load.titiler-a — 200/200 2xx codes={'200': 197, '204': 3} wall=57.7s p50=1.045s p95=2.793s max=5.387s c=4 seed=1790925681 lon_shift=-7.81
PASS load.tipg-a — 100/100 2xx codes={'200': 100} wall=0.8s p50=0.005s p95=0.192s max=0.353s c=4 seed=1790925681 lon_shift=-7.81
PASS load.stac-a — 50/50 2xx codes={'200': 50} wall=0.6s p50=0.041s p95=0.087s max=0.099s c=4 seed=1790925681 lon_shift=-7.81
PASS load.stac-b — 50/50 2xx codes={'200': 50} wall=0.9s p50=0.064s p95=0.203s max=0.245s c=4 seed=1790925681 lon_shift=-7.81
PASS load.tipg-b — 100/100 2xx codes={'200': 100} wall=0.9s p50=0.014s p95=0.096s max=0.452s c=4 seed=1790925681 lon_shift=-7.81
PASS load.titiler-b — 200/200 2xx codes={'200': 195, '204': 5} wall=61.1s p50=1.077s p95=2.819s max=5.877s c=4 seed=1790925681 lon_shift=-7.81
PASS kernel.rioxarray-500MB — 478 MiB uint8 [22400, 22400] in 6.8 s; kernel RSS start=55 imported=152 loaded=1141 computed=1141 freed=612 MiB; PEAK (VmHWM)=1619 MiB; GDAL_CACHEMAX=1199 MiB; other kernels at start: []
PASS kernel.rioxarray-500MB-concurrent — 478 MiB uint8 [22400, 22400] in 7.6 s; kernel RSS start=55 imported=152 loaded=1141 computed=1141 freed=612 MiB; PEAK (VmHWM)=1619 MiB; GDAL_CACHEMAX=1199 MiB; other kernels at start: []
PASS kernel.rioxarray-500MB-under-3GiB-limit — same job, --memory 3g: GDAL_CACHEMAX=153 MiB; RSS imported=134 loaded=799 held=799 freed=321 MiB; PEAK (VmHWM)=1277 MiB; not OOM-killed
PASS mem.lab — idle 116 MiB, load median 130, peak 2167, after load 131 (cgroup memory.peak incl. page cache 1802); CPU idle 0.0%, avg under load 37m, busiest phase 136m, peak 1-s sample 56%
PASS mem.database — idle 234 MiB, load median 284, peak 296, after load 292 (cgroup memory.peak incl. page cache 387); CPU idle 1.4%, avg under load 47m, busiest phase 1491m, peak 1-s sample 144%
PASS mem.stac-fastapi — idle 88 MiB, load median 88, peak 88, after load 88 (cgroup memory.peak incl. page cache 118); CPU idle 0.2%, avg under load 3m, busiest phase 60m, peak 1-s sample 8%
PASS mem.titiler-pgstac — idle 269 MiB, load median 280, peak 290, after load 289 (cgroup memory.peak incl. page cache 298); CPU idle 0.2%, avg under load 103m, busiest phase 143m, peak 1-s sample 20%
PASS mem.tipg — idle 126 MiB, load median 126, peak 127, after load 126 (cgroup memory.peak incl. page cache 148); CPU idle 0.6%, avg under load 6m, busiest phase 214m, peak 1-s sample 22%
PASS mem.stac-auth-proxy — idle 160 MiB, load median 158, peak 160, after load 158 (cgroup memory.peak incl. page cache 208); CPU idle 0.3%, avg under load 10m, busiest phase 432m, peak 1-s sample 54%
PASS mem.mock-oidc — idle 43 MiB, load median 43, peak 43, after load 43 (cgroup memory.peak incl. page cache 54); CPU idle 0.2%, avg under load 2m, busiest phase 5m, peak 1-s sample 1%
PASS mem.stac-browser — idle 17 MiB, load median 17, peak 17, after load 17 (cgroup memory.peak incl. page cache 24); CPU idle 0.0%, avg under load 1m, busiest phase 18m, peak 1-s sample 2%
PASS mem.stac-manager — idle 39 MiB, load median 39, peak 44, after load 39 (cgroup memory.peak incl. page cache 106); CPU idle 0.0%, avg under load 3m, busiest phase 40m, peak 1-s sample 4%
PASS plan.backend-idle-under-1.5GiB — backend (all but Lab) idle = 977 MiB with one uvicorn worker each (skeptic review claim)
PASS plan.participant-under-3.5GiB-local-no-limit — pod total at its busiest moment as measured = 3.14 GiB (no memory limit, kernel GDAL cache 1619 MiB peak); this is what a laptop compose stack uses
PASS plan.participant-under-3.5GiB-k8s-estimate — pod total at its busiest moment = 2.80 GiB with the k8s-limited kernel peak (ESTIMATE: the stack itself ran without limits; sum of per-container peaks, never simultaneous, = 3.16 GiB). Load = synthetic tiles + 500 MB raster kernel, heavier than notebooks (plan: 2.5-3.5 GiB per participant under notebook load)
PASS plan.b3-8-holds-2-pods — per b3-8 after ASSUMED DaemonSet requests 0.25 GiB: this run's rule 2 pods, chart values 2; this run's rule: pod 2.09 GiB, 1.33 GiB left with 2 pods (2 fit only if real DaemonSets request < 1.58 GiB); chart values: pod 2.75 GiB, 0.02 GiB left with 2 pods (2 fit only if real DaemonSets request < 0.27 GiB); 2 if every Lab holds the raster (skeptic: ~2)
PASS plan.20-users-on-4-5-b3-16 — per b3-16 (EXTRAPOLATED, proportional): this run's rule 5 pods, chart values 4 -> 6 b3-16 for 20 users incl. 1 spare at the lower density (skeptic: 4-5 + 1 spare)
PASS chart.requests-cover-steady — chart memory request >= steady working set (max of idle, load median, after load) for every container; below: none; not parsed: none
PASS chart.limits-cover-peaks — chart memory limit >= measured peak (Lab: k8s-adjusted 1825 MiB) for every container; below: none
PASS images.lab-pull-1.8GiB — ghcr.io/developmentseed/eoapi-workshop:latest linux/amd64 compressed = 1.78 GiB
PASS images.per-node-prepull — all 9 images, linux/amd64, unique compressed layers = 3.36 GiB per node (stac-manager alone 0.79 GiB)
PASS disk.ephemeral — stac-manager=27.3MB (virtual 2.92GB); stac-browser=123kB (virtual 174MB); stac-auth-proxy=279kB (virtual 225MB); titiler-pgstac=4.1kB (virtual 477MB); tipg=4.1kB (virtual 215MB); stac-fastapi=4.1kB (virtual 285MB); database=20.5kB (virtual 822MB); mock-oidc=10.3MB (virtual 476MB); lab=7.8MB (virtual 4.82GB); pgdata MiB=184
PASS gdal.cachemax-cgroup-aware — default GDAL_CACHEMAX in the Lab image: 1199 MiB without a memory limit, 204 MiB under --memory 4g
