PASS sampler.cadence — 93 docker-stats rounds x 9 containers, median interval 2.02 s, max 2.57 s (FAIL if median > 2.5 s or any gap > 5 s)
PASS sampler.idle-samples — 3 rounds in the idle window
PASS load.titiler-a — 200/200 2xx codes={'200': 197, '204': 3} wall=55.7s p50=0.993s p95=2.247s max=4.577s c=4 seed=1790875096 lon_shift=-0.56
PASS load.tipg-a — 100/100 2xx codes={'200': 100} wall=0.7s p50=0.006s p95=0.131s max=0.263s c=4 seed=1790875096 lon_shift=-0.56
PASS load.stac-a — 50/50 2xx codes={'200': 50} wall=0.6s p50=0.049s p95=0.074s max=0.093s c=4 seed=1790875096 lon_shift=-0.56
PASS load.tipg-b — 100/100 2xx codes={'200': 100} wall=0.9s p50=0.014s p95=0.065s max=0.789s c=4 seed=1790875096 lon_shift=-0.56
PASS load.stac-b — 50/50 2xx codes={'200': 50} wall=1.1s p50=0.064s p95=0.171s max=0.195s c=4 seed=1790875096 lon_shift=-0.56
PASS load.titiler-b — 200/200 2xx codes={'200': 194, '204': 6} wall=51.6s p50=0.965s p95=2.12s max=3.857s c=4 seed=1790875096 lon_shift=-0.56
PASS kernel.rioxarray-500MB — 478 MiB uint8 [22400, 22400] in 6.7 s; kernel RSS start=55 imported=152 loaded=1141 computed=1141 freed=612 MiB; PEAK (VmHWM)=1619 MiB; GDAL_CACHEMAX=1199 MiB; other kernels at start: []
PASS kernel.rioxarray-500MB-concurrent — 478 MiB uint8 [22400, 22400] in 6.5 s; kernel RSS start=55 imported=152 loaded=1141 computed=1141 freed=612 MiB; PEAK (VmHWM)=1619 MiB; GDAL_CACHEMAX=1199 MiB; other kernels at start: []
PASS kernel.rioxarray-500MB-under-3GiB-limit — same job, --memory 3g: GDAL_CACHEMAX=153 MiB; RSS imported=134 loaded=799 held=799 freed=321 MiB; PEAK (VmHWM)=1277 MiB; not OOM-killed
PASS mem.lab — idle 117 MiB, load median 274, peak 2387, after load 145 (cgroup memory.peak incl. page cache 2150); CPU idle 0.0%, avg under load 229m, busiest phase 698m, peak 1-s sample 153%
PASS mem.database — idle 278 MiB, load median 278, peak 307, after load 278 (cgroup memory.peak incl. page cache 434); CPU idle 0.9%, avg under load 57m, busiest phase 1128m, peak 1-s sample 41%
PASS mem.stac-fastapi — idle 62 MiB, load median 64, peak 86, after load 85 (cgroup memory.peak incl. page cache 123); CPU idle 0.1%, avg under load 21m, busiest phase 58m, peak 1-s sample 63%
PASS mem.titiler-pgstac — idle 254 MiB, load median 283, peak 331, after load 330 (cgroup memory.peak incl. page cache 338); CPU idle 0.1%, avg under load 117m, busiest phase 195m, peak 1-s sample 35%
PASS mem.tipg — idle 77 MiB, load median 97, peak 132, after load 126 (cgroup memory.peak incl. page cache 148); CPU idle 0.1%, avg under load 11m, busiest phase 194m, peak 1-s sample 25%
PASS mem.stac-auth-proxy — idle 152 MiB, load median 154, peak 179, after load 174 (cgroup memory.peak incl. page cache 218); CPU idle 0.1%, avg under load 44m, busiest phase 455m, peak 1-s sample 53%
PASS mem.mock-oidc — idle 43 MiB, load median 43, peak 44, after load 44 (cgroup memory.peak incl. page cache 58); CPU idle 1.0%, avg under load 2m, busiest phase 7m, peak 1-s sample 8%
PASS mem.stac-browser — idle 17 MiB, load median 17, peak 18, after load 18 (cgroup memory.peak incl. page cache 29); CPU idle 0.0%, avg under load 2m, busiest phase 20m, peak 1-s sample 3%
PASS mem.stac-manager — idle 60 MiB, load median 60, peak 60, after load 60 (cgroup memory.peak incl. page cache 106); CPU idle 0.0%, avg under load 3m, busiest phase 40m, peak 1-s sample 6%
PASS plan.backend-idle-under-1.5GiB — backend (all but Lab) idle = 945 MiB with one uvicorn worker each (skeptic review claim)
PASS plan.participant-under-3.5GiB-local-no-limit — pod total at its busiest moment as measured = 3.33 GiB (no memory limit, kernel GDAL cache 1619 MiB peak); this is what a laptop compose stack uses
PASS plan.participant-under-3.5GiB-k8s-estimate — pod total at its busiest moment = 3.00 GiB with the k8s-limited kernel peak (ESTIMATE: the stack itself ran without limits; sum of per-container peaks, never simultaneous, = 3.46 GiB). Load = synthetic tiles + 500 MB raster kernel, heavier than notebooks (plan: 2.5-3.5 GiB per participant under notebook load)
PASS plan.b3-8-holds-2-pods — per b3-8 after ASSUMED DaemonSet requests 0.25 GiB: this run's rule 2 pods, chart values 2; this run's rule: pod 2.16 GiB, 1.21 GiB left with 2 pods (2 fit only if real DaemonSets request < 1.46 GiB); chart values: pod 2.72 GiB, 0.08 GiB left with 2 pods (2 fit only if real DaemonSets request < 0.33 GiB); 2 if every Lab holds the raster (skeptic: ~2)
PASS plan.20-users-on-4-5-b3-16 — per b3-16 (EXTRAPOLATED, proportional): this run's rule 5 pods, chart values 4 -> 6 b3-16 for 20 users incl. 1 spare at the lower density (skeptic: 4-5 + 1 spare)
PASS chart.requests-cover-steady — chart memory request >= steady working set (max of idle, load median, after load) for every container; below: none; not parsed: none
PASS chart.limits-cover-peaks — chart memory limit >= measured peak (Lab: k8s-adjusted 2045 MiB) for every container; below: none
PASS images.lab-pull-1.8GiB — ghcr.io/developmentseed/eoapi-workshop:latest linux/amd64 compressed = 1.78 GiB
PASS images.per-node-prepull — all 9 images, linux/amd64, unique compressed layers = 3.36 GiB per node (stac-manager alone 0.79 GiB)
PASS disk.ephemeral — stac-manager=27.3MB (virtual 2.92GB); stac-browser=123kB (virtual 174MB); stac-auth-proxy=283kB (virtual 225MB); titiler-pgstac=4.1kB (virtual 477MB); tipg=4.1kB (virtual 215MB); stac-fastapi=4.1kB (virtual 285MB); database=20.5kB (virtual 822MB); mock-oidc=10.3MB (virtual 476MB); lab=13.8MB (virtual 4.83GB); pgdata MiB=184
PASS gdal.cachemax-cgroup-aware — default GDAL_CACHEMAX in the Lab image: 1199 MiB without a memory limit, 204 MiB under --memory 4g
